[
  {
    "string_interner": [
      "f",
      "g"
    ],
    "crate_id": 0,
    "local_def_id": 5
  },
  {
    "kind": {
      "Unary": {
        "operator": "Minus",
        "expr": {
          "kind": {
            "Unary": {
              "operator": "Minus",
              "expr": {
                "kind": {
                  "Call": {
                    "target": {
                      "kind": {
                        "Path": {
                          "ident_type": "LocalOrUse",
                          "segments": [
                            {
                              "ident": {
                                "ident": 1,
                                "span": {
                                  "start": 2,
                                  "end": 3
                                }
                              },
                              "generics": null
                            }
                          ]
                        }
                      },
                      "span": {
                        "start": 2,
                        "end": 3
                      },
                      "id": 0
                    },
                    "args": {
                      "args": [
                        {
                          "kind": {
                            "Path": {
                              "ident_type": "LocalOrUse",
                              "segments": [
                                {
                                  "ident": {
                                    "ident": 2,
                                    "span": {
                                      "start": 4,
                                      "end": 5
                                    }
                                  },
                                  "generics": null
                                }
                              ]
                            }
                          },
                          "span": {
                            "start": 4,
                            "end": 5
                          },
                          "id": 1
                        }
                      ]
                    }
                  }
                },
                "span": {
                  "start": 2,
                  "end": 6
                },
                "id": 2
              }
            }
          },
          "span": {
            "start": 1,
            "end": 6
          },
          "id": 3
        }
      }
    },
    "span": {
      "start": 0,
      "end": 6
    },
    "id": 4
  }
]