[
  {
    "string_interner": [
      "x"
    ],
    "crate_id": 0,
    "local_def_id": 5
  },
  {
    "kind": {
      "Index": {
        "expr": {
          "kind": {
            "Index": {
              "expr": {
                "kind": {
                  "Path": {
                    "ident_type": "LocalOrUse",
                    "segments": [
                      {
                        "ident": {
                          "ident": 1,
                          "span": {
                            "start": 0,
                            "end": 1
                          }
                        },
                        "generics": null
                      }
                    ]
                  }
                },
                "span": {
                  "start": 0,
                  "end": 1
                },
                "id": 0
              },
              "key": {
                "kind": {
                  "Integer": 0
                },
                "span": {
                  "start": 2,
                  "end": 3
                },
                "id": 1
              }
            }
          },
          "span": {
            "start": 0,
            "end": 4
          },
          "id": 2
        },
        "key": {
          "kind": {
            "Integer": 1
          },
          "span": {
            "start": 5,
            "end": 6
          },
          "id": 3
        }
      }
    },
    "span": {
      "start": 0,
      "end": 7
    },
    "id": 4
  }
]