[
  {
    "string_interner": [
      "extracted_text",
      "message",
      "Message",
      "Text",
      "null",
      "Photo",
      "photo",
      "",
      "str",
      "caption"
    ],
    "crate_id": 0,
    "local_def_id": 18
  },
  {
    "path": {
      "module_path": []
    },
    "id": {
      "crate_id": 0,
      "module_id": 0
    },
    "ns": {
      "modules": {},
      "values": {},
      "enums": {}
    },
    "items": [
      {
        "kind": {
          "GlobalLet": {
            "name": {
              "ident": 1,
              "span": {
                "start": 4,
                "end": 18
              }
            },
            "ty": null,
            "initializer": {
              "kind": {
                "Match": {
                  "source": {
                    "kind": {
                      "Path": {
                        "ident_type": "LocalOrUse",
                        "segments": [
                          {
                            "ident": {
                              "ident": 2,
                              "span": {
                                "start": 27,
                                "end": 34
                              }
                            },
                            "generics": null
                          }
                        ]
                      }
                    },
                    "span": {
                      "start": 27,
                      "end": 34
                    },
                    "id": 0
                  },
                  "arms": [
                    {
                      "pattern": {
                        "Or": {
                          "patterns": [
                            {
                              "Destructure": {
                                "ty": {
                                  "ident": {
                                    "ident_type": "LocalOrUse",
                                    "idents": [
                                      {
                                        "ident": 3,
                                        "span": {
                                          "start": 41,
                                          "end": 48
                                        }
                                      },
                                      {
                                        "ident": 4,
                                        "span": {
                                          "start": 50,
                                          "end": 54
                                        }
                                      }
                                    ]
                                  },
                                  "generics": {
                                    "generics": []
                                  }
                                },
                                "exprs": [
                                  {
                                    "kind": {
                                      "String": 5
                                    },
                                    "span": {
                                      "start": 55,
                                      "end": 61
                                    },
                                    "id": 1
                                  }
                                ]
                              }
                            },
                            {
                              "Destructure": {
                                "ty": {
                                  "ident": {
                                    "ident_type": "LocalOrUse",
                                    "idents": [
                                      {
                                        "ident": 3,
                                        "span": {
                                          "start": 65,
                                          "end": 72
                                        }
                                      },
                                      {
                                        "ident": 6,
                                        "span": {
                                          "start": 74,
                                          "end": 79
                                        }
                                      }
                                    ]
                                  },
                                  "generics": {
                                    "generics": []
                                  }
                                },
                                "exprs": [
                                  {
                                    "kind": {
                                      "String": 5
                                    },
                                    "span": {
                                      "start": 80,
                                      "end": 86
                                    },
                                    "id": 2
                                  },
                                  {
                                    "kind": {
                                      "Identifier": 7
                                    },
                                    "span": {
                                      "start": 88,
                                      "end": 93
                                    },
                                    "id": 3
                                  }
                                ]
                              }
                            }
                          ]
                        }
                      },
                      "body": {
                        "kind": {
                          "Expression": {
                            "expr": {
                              "kind": {
                                "String": 8
                              },
                              "span": {
                                "start": 98,
                                "end": 100
                              },
                              "id": 4
                            },
                            "implicit_return": true
                          }
                        },
                        "span": {
                          "start": 98,
                          "end": 100
                        },
                        "id": 5
                      },
                      "span": {
                        "start": 41,
                        "end": 100
                      },
                      "id": 6
                    },
                    {
                      "pattern": {
                        "Destructure": {
                          "ty": {
                            "ident": {
                              "ident_type": "LocalOrUse",
                              "idents": [
                                {
                                  "ident": 3,
                                  "span": {
                                    "start": 106,
                                    "end": 113
                                  }
                                },
                                {
                                  "ident": 4,
                                  "span": {
                                    "start": 115,
                                    "end": 119
                                  }
                                }
                              ]
                            },
                            "generics": {
                              "generics": []
                            }
                          },
                          "exprs": [
                            {
                              "kind": {
                                "Identifier": 9
                              },
                              "span": {
                                "start": 120,
                                "end": 123
                              },
                              "id": 7
                            }
                          ]
                        }
                      },
                      "body": {
                        "kind": {
                          "Expression": {
                            "expr": {
                              "kind": {
                                "Path": {
                                  "ident_type": "LocalOrUse",
                                  "segments": [
                                    {
                                      "ident": {
                                        "ident": 9,
                                        "span": {
                                          "start": 128,
                                          "end": 131
                                        }
                                      },
                                      "generics": null
                                    }
                                  ]
                                }
                              },
                              "span": {
                                "start": 128,
                                "end": 131
                              },
                              "id": 8
                            },
                            "implicit_return": true
                          }
                        },
                        "span": {
                          "start": 128,
                          "end": 131
                        },
                        "id": 9
                      },
                      "span": {
                        "start": 106,
                        "end": 131
                      },
                      "id": 10
                    },
                    {
                      "pattern": {
                        "Destructure": {
                          "ty": {
                            "ident": {
                              "ident_type": "LocalOrUse",
                              "idents": [
                                {
                                  "ident": 3,
                                  "span": {
                                    "start": 137,
                                    "end": 144
                                  }
                                },
                                {
                                  "ident": 6,
                                  "span": {
                                    "start": 146,
                                    "end": 151
                                  }
                                }
                              ]
                            },
                            "generics": {
                              "generics": []
                            }
                          },
                          "exprs": [
                            {
                              "kind": {
                                "Identifier": 10
                              },
                              "span": {
                                "start": 152,
                                "end": 159
                              },
                              "id": 11
                            },
                            {
                              "kind": {
                                "Identifier": 7
                              },
                              "span": {
                                "start": 161,
                                "end": 166
                              },
                              "id": 12
                            }
                          ]
                        }
                      },
                      "body": {
                        "kind": {
                          "Expression": {
                            "expr": {
                              "kind": {
                                "Path": {
                                  "ident_type": "LocalOrUse",
                                  "segments": [
                                    {
                                      "ident": {
                                        "ident": 10,
                                        "span": {
                                          "start": 171,
                                          "end": 178
                                        }
                                      },
                                      "generics": null
                                    }
                                  ]
                                }
                              },
                              "span": {
                                "start": 171,
                                "end": 178
                              },
                              "id": 13
                            },
                            "implicit_return": true
                          }
                        },
                        "span": {
                          "start": 171,
                          "end": 178
                        },
                        "id": 14
                      },
                      "span": {
                        "start": 137,
                        "end": 178
                      },
                      "id": 15
                    }
                  ]
                }
              },
              "span": {
                "start": 21,
                "end": 181
              },
              "id": 16
            }
          }
        },
        "span": {
          "start": 0,
          "end": 182
        },
        "id": 17
      }
    ]
  }
]