[
  [
    "List",
    "Loggable",
    "Serializable",
    "new"
  ],
  {
    "segments": [
      {
        "ident": 1,
        "generics": [
          {
            "val": 1
          }
        ]
      },
      {
        "ident": 4,
        "generics": null
      }
    ]
  }
]