[
  [
    "List",
    "f64",
    "new"
  ],
  {
    "segments": [
      {
        "ident": {
          "ident": {
            "str": 1
          },
          "span": {
            "start": 0,
            "end": 4
          },
          "id": {
            "id": 0
          }
        },
        "generics": {
          "generics": [
            {
              "kind": {
                "Path": {
                  "path": {
                    "ident": {
                      "idents": [
                        {
                          "ident": {
                            "str": 1
                          },
                          "span": {
                            "start": 7,
                            "end": 11
                          },
                          "id": {
                            "id": 1
                          }
                        }
                      ]
                    },
                    "generics": {
                      "generics": [
                        {
                          "kind": "F64",
                          "span": {
                            "start": 12,
                            "end": 15
                          },
                          "id": {
                            "id": 2
                          }
                        }
                      ]
                    }
                  }
                }
              },
              "span": {
                "start": 12,
                "end": 16
              },
              "id": {
                "id": 3
              }
            }
          ]
        }
      },
      {
        "ident": {
          "ident": {
            "str": 3
          },
          "span": {
            "start": 19,
            "end": 22
          },
          "id": {
            "id": 4
          }
        },
        "generics": null
      }
    ]
  }
]