[
  {
    "string_interner": [],
    "crate_id": 0,
    "local_def_id": 1
  },
  {
    "kind": {
      "Integer": 1
    },
    "span": {
      "start": 0,
      "end": 1
    },
    "id": 0
  }
]