[
  [
    "Stmt",
    "aflatoxin"
  ],
  [
    {
      "UnexpectedToken": [
        {
          "Identifier": 2
        },
        {
          "start_pos": 14,
          "start_line": 1,
          "end_pos": 23,
          "end_line": 1
        }
      ]
    }
  ]
]