(
  diagnostics: [Error("Unable to resolve definition for std::math"), Error("Unable to resolve definition for std::Display"), Error("Unable to resolve definition for std::Number")],
)