[
  [
    "simple_inference",
    "infer_int",
    "PI"
  ],
  {
    "1": {
      "name": 1,
      "id": {
        "id": 0
      },
      "items": [],
      "nodes": {
        "0": {
          "kind": {
            "Expr": {
              "Float": 3.141592
            }
          },
          "span": {
            "start": 9,
            "end": 17
          },
          "id": 0
        },
        "1": {
          "kind": {
            "GlobalLet": {
              "ident": 3,
              "ty": null,
              "initializer": 0
            }
          },
          "span": {
            "start": 0,
            "end": 18
          },
          "id": 1
        }
      }
    }
  }
]