[
  [
    "mutable_assignment",
    "mut_var",
    "x"
  ],
  {
    "1": {
      "name": 1,
      "id": {
        "id": 0
      },
      "items": [
        9
      ],
      "nodes": {
        "0": {
          "kind": {
            "Expr": {
              "Int": 5
            }
          },
          "span": {
            "start": 31,
            "end": 32
          },
          "id": 0
        },
        "1": {
          "kind": {
            "Stmt": {
              "Let": {
                "ident": {
                  "ident": 3,
                  "span": {
                    "start": 27,
                    "end": 28
                  }
                },
                "mutability": "Mutable",
                "ty": null,
                "initializer": 0
              }
            }
          },
          "span": {
            "start": 19,
            "end": 33
          },
          "id": 1
        },
        "2": {
          "kind": {
            "Expr": {
              "Path": {
                "segments": []
              }
            }
          },
          "span": {
            "start": 64,
            "end": 65
          },
          "id": 2
        },
        "3": {
          "kind": {
            "Expr": {
              "Path": {
                "segments": []
              }
            }
          },
          "span": {
            "start": 68,
            "end": 69
          },
          "id": 3
        },
        "4": {
          "kind": {
            "Expr": {
              "Int": 1
            }
          },
          "span": {
            "start": 72,
            "end": 73
          },
          "id": 4
        },
        "5": {
          "kind": {
            "Expr": {
              "Infix": {
                "operator": "Add",
                "lhs": 3,
                "rhs": 4
              }
            }
          },
          "span": {
            "start": 68,
            "end": 73
          },
          "id": 5
        },
        "6": {
          "kind": {
            "Expr": {
              "Infix": {
                "operator": "Assign",
                "lhs": 2,
                "rhs": 5
              }
            }
          },
          "span": {
            "start": 64,
            "end": 73
          },
          "id": 6
        },
        "7": {
          "kind": {
            "Stmt": {
              "Expression": {
                "expr": 6,
                "implicit_return": true
              }
            }
          },
          "span": {
            "start": 64,
            "end": 74
          },
          "id": 7
        },
        "8": {
          "kind": {
            "Block": {
              "stmts": [
                1,
                7
              ]
            }
          },
          "span": {
            "start": 13,
            "end": 76
          },
          "id": 8
        },
        "9": {
          "kind": {
            "Fn": {
              "sig": {
                "name": {
                  "ident": 2,
                  "span": {
                    "start": 3,
                    "end": 10
                  }
                },
                "generic_params": {},
                "params": {},
                "return_type": null
              },
              "body": 8
            }
          },
          "span": {
            "start": 0,
            "end": 76
          },
          "id": 9
        }
      }
    }
  }
]