{
  4: (
    tys: [Some(I64), Some(I64), Some(None), Some(I64), Some(I64), Some(I64), Some(I64), Some(None), Some(None), Some(None), None],
  ),
}