{
  5: (
    tys: [None, Some(I64), Some(I64), None, Some(I64), Some(I64)],
  ),
}