[
  [
    "Planet",
    "Mercury",
    "relative_gravity",
    "planet",
    "crate",
    "module"
  ],
  [
    {
      "DuplicateFns": [
        3,
        [
          7,
          10
        ]
      ]
    }
  ]
]