[
  [
    "Rectangle",
    "width",
    "u64",
    "crate",
    "module"
  ],
  [
    {
      "DuplicateField": [
        2,
        [
          1,
          3
        ]
      ]
    }
  ]
]