{
  7: (
    tys: [None, None, None, None, None, None],
  ),
}