((
  string_interner: [],
  source_map: {},
  diagnostics: (
    diagnostics: [],
),
  crate_id: 0,
  local_def_id: 3,
), (
  kind: Infix((
    operator: Less,
    lhs: (
      kind: Int(1),
      span: (
        start: 0,
        end: 1,
      ),
      id: 0,
    ),
    rhs: (
      kind: Int(2),
      span: (
        start: 4,
        end: 5,
      ),
      id: 1,
    ),
  )),
  span: (
    start: 0,
    end: 5,
  ),
  id: 2,
))