([], (
  tokens: [(
    token_type: Minus,
    span: (
      start: 0,
      end: 1,
    ),
  ), (
    token_type: Int(-1),
    span: (
      start: 1,
      end: 3,
    ),
  ), (
    token_type: Star,
    span: (
      start: 4,
      end: 5,
    ),
  ), (
    token_type: Int(2),
    span: (
      start: 6,
      end: 7,
    ),
  )],
  line_map: (
    lines: [],
),
  line_counter: 0,
))