[
  [],
  {
    "tokens": [],
    "line_map": {
      "lines": []
    },
    "line_counter": 0
  }
]