[
  [
    "Message",
    "Text",
    "message",
    "str",
    "Photo",
    "caption",
    "photo",
    "SerializedPhoto",
    "size",
    "u64"
  ],
  {
    "tokens": [
      {
        "token_type": "Enum",
        "span": {
          "start": 0,
          "end": 4
        }
      },
      {
        "token_type": {
          "Identifier": 1
        },
        "span": {
          "start": 5,
          "end": 12
        }
      },
      {
        "token_type": "LeftParentheses",
        "span": {
          "start": 12,
          "end": 13
        }
      },
      {
        "token_type": {
          "Identifier": 2
        },
        "span": {
          "start": 18,
          "end": 22
        }
      },
      {
        "token_type": "LeftParentheses",
        "span": {
          "start": 22,
          "end": 23
        }
      },
      {
        "token_type": {
          "Identifier": 3
        },
        "span": {
          "start": 23,
          "end": 30
        }
      },
      {
        "token_type": "Colon",
        "span": {
          "start": 30,
          "end": 31
        }
      },
      {
        "token_type": {
          "Identifier": 4
        },
        "span": {
          "start": 32,
          "end": 35
        }
      },
      {
        "token_type": "RightParentheses",
        "span": {
          "start": 35,
          "end": 36
        }
      },
      {
        "token_type": "Comma",
        "span": {
          "start": 36,
          "end": 37
        }
      },
      {
        "token_type": {
          "Identifier": 5
        },
        "span": {
          "start": 42,
          "end": 47
        }
      },
      {
        "token_type": "LeftParentheses",
        "span": {
          "start": 47,
          "end": 48
        }
      },
      {
        "token_type": {
          "Identifier": 6
        },
        "span": {
          "start": 48,
          "end": 55
        }
      },
      {
        "token_type": "Colon",
        "span": {
          "start": 55,
          "end": 56
        }
      },
      {
        "token_type": {
          "Identifier": 4
        },
        "span": {
          "start": 57,
          "end": 60
        }
      },
      {
        "token_type": "Comma",
        "span": {
          "start": 60,
          "end": 61
        }
      },
      {
        "token_type": {
          "Identifier": 7
        },
        "span": {
          "start": 62,
          "end": 67
        }
      },
      {
        "token_type": "Colon",
        "span": {
          "start": 67,
          "end": 68
        }
      },
      {
        "token_type": {
          "Identifier": 8
        },
        "span": {
          "start": 69,
          "end": 84
        }
      },
      {
        "token_type": "RightParentheses",
        "span": {
          "start": 84,
          "end": 85
        }
      },
      {
        "token_type": "LeftBrace",
        "span": {
          "start": 86,
          "end": 87
        }
      },
      {
        "token_type": "Fn",
        "span": {
          "start": 96,
          "end": 98
        }
      },
      {
        "token_type": {
          "Identifier": 9
        },
        "span": {
          "start": 99,
          "end": 103
        }
      },
      {
        "token_type": "LeftParentheses",
        "span": {
          "start": 103,
          "end": 104
        }
      },
      {
        "token_type": "SelfLowercase",
        "span": {
          "start": 104,
          "end": 108
        }
      },
      {
        "token_type": "RightParentheses",
        "span": {
          "start": 108,
          "end": 109
        }
      },
      {
        "token_type": "RightArrow",
        "span": {
          "start": 110,
          "end": 112
        }
      },
      {
        "token_type": {
          "Identifier": 10
        },
        "span": {
          "start": 113,
          "end": 116
        }
      },
      {
        "token_type": "LeftBrace",
        "span": {
          "start": 117,
          "end": 118
        }
      },
      {
        "token_type": "Return",
        "span": {
          "start": 131,
          "end": 137
        }
      },
      {
        "token_type": "SelfLowercase",
        "span": {
          "start": 138,
          "end": 142
        }
      },
      {
        "token_type": "Dot",
        "span": {
          "start": 142,
          "end": 143
        }
      },
      {
        "token_type": {
          "Identifier": 7
        },
        "span": {
          "start": 143,
          "end": 148
        }
      },
      {
        "token_type": "Dot",
        "span": {
          "start": 148,
          "end": 149
        }
      },
      {
        "token_type": {
          "Identifier": 9
        },
        "span": {
          "start": 149,
          "end": 153
        }
      },
      {
        "token_type": "LeftParentheses",
        "span": {
          "start": 153,
          "end": 154
        }
      },
      {
        "token_type": "RightParentheses",
        "span": {
          "start": 154,
          "end": 155
        }
      },
      {
        "token_type": "Semicolon",
        "span": {
          "start": 155,
          "end": 156
        }
      },
      {
        "token_type": "RightBrace",
        "span": {
          "start": 165,
          "end": 166
        }
      },
      {
        "token_type": "RightBrace",
        "span": {
          "start": 171,
          "end": 172
        }
      },
      {
        "token_type": "Comma",
        "span": {
          "start": 172,
          "end": 173
        }
      },
      {
        "token_type": "RightParentheses",
        "span": {
          "start": 174,
          "end": 175
        }
      },
      {
        "token_type": "Semicolon",
        "span": {
          "start": 175,
          "end": 176
        }
      }
    ],
    "line_map": [
      13,
      37,
      87,
      118,
      156,
      166,
      173
    ],
    "line_counter": 7
  }
]