[
  [
    "Message",
    "Text",
    "message",
    "str",
    "Photo",
    "caption",
    "photo",
    "SerializedPhoto",
    "size"
  ],
  {
    "tokens": [
      {
        "token_type": "Enum",
        "span": {
          "start": 0,
          "end": 4
        }
      },
      {
        "token_type": {
          "Identifier": 1
        },
        "span": {
          "start": 5,
          "end": 12
        }
      },
      {
        "token_type": "LeftBrace",
        "span": {
          "start": 13,
          "end": 14
        }
      },
      {
        "token_type": {
          "Identifier": 2
        },
        "span": {
          "start": 19,
          "end": 23
        }
      },
      {
        "token_type": "LeftParentheses",
        "span": {
          "start": 23,
          "end": 24
        }
      },
      {
        "token_type": {
          "Identifier": 3
        },
        "span": {
          "start": 24,
          "end": 31
        }
      },
      {
        "token_type": "Colon",
        "span": {
          "start": 31,
          "end": 32
        }
      },
      {
        "token_type": {
          "Identifier": 4
        },
        "span": {
          "start": 33,
          "end": 36
        }
      },
      {
        "token_type": "RightParentheses",
        "span": {
          "start": 36,
          "end": 37
        }
      },
      {
        "token_type": "Comma",
        "span": {
          "start": 37,
          "end": 38
        }
      },
      {
        "token_type": {
          "Identifier": 5
        },
        "span": {
          "start": 43,
          "end": 48
        }
      },
      {
        "token_type": "LeftParentheses",
        "span": {
          "start": 48,
          "end": 49
        }
      },
      {
        "token_type": {
          "Identifier": 6
        },
        "span": {
          "start": 49,
          "end": 56
        }
      },
      {
        "token_type": "Colon",
        "span": {
          "start": 56,
          "end": 57
        }
      },
      {
        "token_type": {
          "Identifier": 4
        },
        "span": {
          "start": 58,
          "end": 61
        }
      },
      {
        "token_type": "Comma",
        "span": {
          "start": 61,
          "end": 62
        }
      },
      {
        "token_type": {
          "Identifier": 7
        },
        "span": {
          "start": 63,
          "end": 68
        }
      },
      {
        "token_type": "Colon",
        "span": {
          "start": 68,
          "end": 69
        }
      },
      {
        "token_type": {
          "Identifier": 8
        },
        "span": {
          "start": 70,
          "end": 85
        }
      },
      {
        "token_type": "RightParentheses",
        "span": {
          "start": 85,
          "end": 86
        }
      },
      {
        "token_type": "LeftBrace",
        "span": {
          "start": 87,
          "end": 88
        }
      },
      {
        "token_type": "Fn",
        "span": {
          "start": 97,
          "end": 99
        }
      },
      {
        "token_type": {
          "Identifier": 9
        },
        "span": {
          "start": 100,
          "end": 104
        }
      },
      {
        "token_type": "LeftParentheses",
        "span": {
          "start": 104,
          "end": 105
        }
      },
      {
        "token_type": "RightParentheses",
        "span": {
          "start": 105,
          "end": 106
        }
      },
      {
        "token_type": "LeftBrace",
        "span": {
          "start": 107,
          "end": 108
        }
      },
      {
        "token_type": "Return",
        "span": {
          "start": 121,
          "end": 127
        }
      },
      {
        "token_type": {
          "Identifier": 7
        },
        "span": {
          "start": 128,
          "end": 133
        }
      },
      {
        "token_type": "Dot",
        "span": {
          "start": 133,
          "end": 134
        }
      },
      {
        "token_type": {
          "Identifier": 9
        },
        "span": {
          "start": 134,
          "end": 138
        }
      },
      {
        "token_type": "LeftParentheses",
        "span": {
          "start": 138,
          "end": 139
        }
      },
      {
        "token_type": "RightParentheses",
        "span": {
          "start": 139,
          "end": 140
        }
      },
      {
        "token_type": "Semicolon",
        "span": {
          "start": 140,
          "end": 141
        }
      },
      {
        "token_type": "RightBrace",
        "span": {
          "start": 150,
          "end": 151
        }
      },
      {
        "token_type": "RightBrace",
        "span": {
          "start": 156,
          "end": 157
        }
      },
      {
        "token_type": "Comma",
        "span": {
          "start": 157,
          "end": 158
        }
      },
      {
        "token_type": "RightBrace",
        "span": {
          "start": 159,
          "end": 160
        }
      }
    ],
    "line_map": {
      "lines": [
        14,
        38,
        88,
        108,
        141,
        151,
        158
      ]
    },
    "line_counter": 7
  }
]