[
  [],
  {
    "tokens": [
      {
        "token_type": {
          "Int": 123
        },
        "span": {
          "start": 0,
          "end": 3
        }
      }
    ],
    "line_map": [],
    "line_counter": 0
  }
]