[
  [
    "Rectangle",
    "width",
    "f64",
    "length",
    "perimeter",
    "height",
    "square",
    "size"
  ],
  {
    "tokens": [
      {
        "token_type": "Class",
        "span": {
          "start": 0,
          "end": 5
        }
      },
      {
        "token_type": {
          "Identifier": 1
        },
        "span": {
          "start": 6,
          "end": 15
        }
      },
      {
        "token_type": "LeftBrace",
        "span": {
          "start": 16,
          "end": 17
        }
      },
      {
        "token_type": {
          "Identifier": 2
        },
        "span": {
          "start": 22,
          "end": 27
        }
      },
      {
        "token_type": "Colon",
        "span": {
          "start": 27,
          "end": 28
        }
      },
      {
        "token_type": {
          "Identifier": 3
        },
        "span": {
          "start": 29,
          "end": 32
        }
      },
      {
        "token_type": "Comma",
        "span": {
          "start": 32,
          "end": 33
        }
      },
      {
        "token_type": {
          "Identifier": 4
        },
        "span": {
          "start": 38,
          "end": 44
        }
      },
      {
        "token_type": "Colon",
        "span": {
          "start": 44,
          "end": 45
        }
      },
      {
        "token_type": {
          "Identifier": 3
        },
        "span": {
          "start": 46,
          "end": 49
        }
      },
      {
        "token_type": "Comma",
        "span": {
          "start": 49,
          "end": 50
        }
      },
      {
        "token_type": "Fn",
        "span": {
          "start": 56,
          "end": 58
        }
      },
      {
        "token_type": {
          "Identifier": 5
        },
        "span": {
          "start": 59,
          "end": 68
        }
      },
      {
        "token_type": "LeftParentheses",
        "span": {
          "start": 68,
          "end": 69
        }
      },
      {
        "token_type": "SelfLowercase",
        "span": {
          "start": 69,
          "end": 73
        }
      },
      {
        "token_type": "RightParentheses",
        "span": {
          "start": 73,
          "end": 74
        }
      },
      {
        "token_type": "RightArrow",
        "span": {
          "start": 75,
          "end": 77
        }
      },
      {
        "token_type": {
          "Identifier": 3
        },
        "span": {
          "start": 78,
          "end": 81
        }
      },
      {
        "token_type": "LeftBrace",
        "span": {
          "start": 82,
          "end": 83
        }
      },
      {
        "token_type": "Return",
        "span": {
          "start": 92,
          "end": 98
        }
      },
      {
        "token_type": "LeftParentheses",
        "span": {
          "start": 99,
          "end": 100
        }
      },
      {
        "token_type": "SelfLowercase",
        "span": {
          "start": 100,
          "end": 104
        }
      },
      {
        "token_type": "Dot",
        "span": {
          "start": 104,
          "end": 105
        }
      },
      {
        "token_type": {
          "Identifier": 2
        },
        "span": {
          "start": 105,
          "end": 110
        }
      },
      {
        "token_type": "Star",
        "span": {
          "start": 111,
          "end": 112
        }
      },
      {
        "token_type": {
          "Int": 2
        },
        "span": {
          "start": 113,
          "end": 114
        }
      },
      {
        "token_type": "RightParentheses",
        "span": {
          "start": 114,
          "end": 115
        }
      },
      {
        "token_type": "Plus",
        "span": {
          "start": 116,
          "end": 117
        }
      },
      {
        "token_type": "LeftParentheses",
        "span": {
          "start": 118,
          "end": 119
        }
      },
      {
        "token_type": "SelfLowercase",
        "span": {
          "start": 119,
          "end": 123
        }
      },
      {
        "token_type": "Dot",
        "span": {
          "start": 123,
          "end": 124
        }
      },
      {
        "token_type": {
          "Identifier": 6
        },
        "span": {
          "start": 124,
          "end": 130
        }
      },
      {
        "token_type": "Star",
        "span": {
          "start": 131,
          "end": 132
        }
      },
      {
        "token_type": {
          "Int": 2
        },
        "span": {
          "start": 133,
          "end": 134
        }
      },
      {
        "token_type": "RightParentheses",
        "span": {
          "start": 134,
          "end": 135
        }
      },
      {
        "token_type": "Semicolon",
        "span": {
          "start": 135,
          "end": 136
        }
      },
      {
        "token_type": "RightBrace",
        "span": {
          "start": 141,
          "end": 142
        }
      },
      {
        "token_type": "Fn",
        "span": {
          "start": 148,
          "end": 150
        }
      },
      {
        "token_type": {
          "Identifier": 7
        },
        "span": {
          "start": 151,
          "end": 157
        }
      },
      {
        "token_type": "LeftParentheses",
        "span": {
          "start": 157,
          "end": 158
        }
      },
      {
        "token_type": {
          "Identifier": 8
        },
        "span": {
          "start": 158,
          "end": 162
        }
      },
      {
        "token_type": "Colon",
        "span": {
          "start": 162,
          "end": 163
        }
      },
      {
        "token_type": {
          "Identifier": 3
        },
        "span": {
          "start": 164,
          "end": 167
        }
      },
      {
        "token_type": "RightParentheses",
        "span": {
          "start": 167,
          "end": 168
        }
      },
      {
        "token_type": "RightArrow",
        "span": {
          "start": 169,
          "end": 171
        }
      },
      {
        "token_type": "SelfCapitalized",
        "span": {
          "start": 172,
          "end": 176
        }
      },
      {
        "token_type": "LeftBrace",
        "span": {
          "start": 177,
          "end": 178
        }
      },
      {
        "token_type": "Return",
        "span": {
          "start": 187,
          "end": 193
        }
      },
      {
        "token_type": "SelfCapitalized",
        "span": {
          "start": 194,
          "end": 198
        }
      },
      {
        "token_type": "LeftParentheses",
        "span": {
          "start": 198,
          "end": 199
        }
      },
      {
        "token_type": {
          "Identifier": 8
        },
        "span": {
          "start": 199,
          "end": 203
        }
      },
      {
        "token_type": "Comma",
        "span": {
          "start": 203,
          "end": 204
        }
      },
      {
        "token_type": {
          "Identifier": 8
        },
        "span": {
          "start": 205,
          "end": 209
        }
      },
      {
        "token_type": "RightParentheses",
        "span": {
          "start": 209,
          "end": 210
        }
      },
      {
        "token_type": "Semicolon",
        "span": {
          "start": 210,
          "end": 211
        }
      },
      {
        "token_type": "RightBrace",
        "span": {
          "start": 216,
          "end": 217
        }
      },
      {
        "token_type": "RightBrace",
        "span": {
          "start": 218,
          "end": 219
        }
      }
    ],
    "line_map": [
      17,
      33,
      50,
      51,
      83,
      136,
      142,
      143,
      178,
      211,
      217
    ],
    "line_counter": 11
  }
]