[
  [
    "x",
    "y"
  ],
  {
    "tokens": [
      {
        "token_type": "Let",
        "span": {
          "start": 0,
          "end": 3
        }
      },
      {
        "token_type": "Mut",
        "span": {
          "start": 4,
          "end": 7
        }
      },
      {
        "token_type": {
          "Identifier": 1
        },
        "span": {
          "start": 8,
          "end": 9
        }
      },
      {
        "token_type": "Equal",
        "span": {
          "start": 10,
          "end": 11
        }
      },
      {
        "token_type": "None",
        "span": {
          "start": 12,
          "end": 16
        }
      },
      {
        "token_type": "Semicolon",
        "span": {
          "start": 16,
          "end": 17
        }
      },
      {
        "token_type": "Let",
        "span": {
          "start": 18,
          "end": 21
        }
      },
      {
        "token_type": {
          "Identifier": 2
        },
        "span": {
          "start": 22,
          "end": 23
        }
      },
      {
        "token_type": "Equal",
        "span": {
          "start": 24,
          "end": 25
        }
      },
      {
        "token_type": {
          "Int": 0
        },
        "span": {
          "start": 26,
          "end": 27
        }
      },
      {
        "token_type": "Semicolon",
        "span": {
          "start": 27,
          "end": 28
        }
      }
    ],
    "line_map": [
      17
    ],
    "line_counter": 1
  }
]